MPASM 5.74                               A.S   10-27-2021  10:25:04         PAGE  1


LOC  OBJECT CODE     LINE SOURCE TEXT
  VALUE


                      00002         list
                      00003 ;{
                      00004 ;FILE F1 = C:\USERS\UYSAL\ONEDRI~2\DERSNO~1\MIKROD~1\2021_1~1\DISPLAY_1.BAS
                      00005 ;}
                      00006 ;[Variable Listing]
                      00007 ;SAYI,0021,DT_BYTE,1
                      00008 ;SAYAC1,0022,DT_BYTE,1
                      00009 ;SAYAC2,0023,DT_BYTE,1
                      00010 ;BEKLE,0024,DT_WORD,2
                      00011 ;DISPLAY,0008,DT_BYTE,1
                      00012 ;BUTON1,0006.0,DT_BIT
                      00013 ;BUTON2,0006.1,DT_BIT
                      00014 ;BUTON3,0006.2,DT_BIT
                      00015 ;DURUM,0020.0,DT_BIT
                      00016 ;[End Listing]
                      00017 ;[TOTAL VARS] 6

MESSAGE[308]: WARNING LEVEL SUPERSEDED BY COMMAND LINE VALUE. (2)
                      00019  LIST  P = 16F877A, F = INHX8M, W = 2, X = ON, R = DEC, MM = ON, N = 0, C = 255
  00000000            00020 INDF equ 0X0000
  00000001            00021 TMR0 equ 0X0001
  00000002            00022 PCL equ 0X0002
  00000003            00023 STATUS equ 0X0003
  00000004            00024 FSR equ 0X0004
  00000005            00025 PORTA equ 0X0005
  00000006            00026 PORTB equ 0X0006
  00000007            00027 PORTC equ 0X0007
  00000008            00028 PORTD equ 0X0008
  00000009            00029 PORTE equ 0X0009
  0000000A            00030 PCLATH equ 0X000A
  0000000B            00031 INTCON equ 0X000B
  0000000C            00032 PIR1 equ 0X000C
  0000000D            00033 PIR2 equ 0X000D
  0000000E            00034 TMR1L equ 0X000E
  0000000F            00035 TMR1LH equ 0X000F
  0000000F            00036 TMR1H equ 0X000F
  00000010            00037 T1CON equ 0X0010
  00000011            00038 TMR2 equ 0X0011
  00000012            00039 T2CON equ 0X0012
  00000013            00040 SSPBUF equ 0X0013
  00000014            00041 SSPCON equ 0X0014
  00000015            00042 CCPR1L equ 0X0015
  00000016            00043 CCPR1LH equ 0X0016
  00000016            00044 CCPR1H equ 0X0016
  00000017            00045 CCP1CON equ 0X0017
  00000018            00046 RCSTA equ 0X0018
  00000019            00047 TXREG equ 0X0019
  0000001A            00048 RCREG equ 0X001A
  0000001B            00049 CCPR2L equ 0X001B
  0000001C            00050 CCPR2LH equ 0X001C
  0000001C            00051 CCPR2H equ 0X001C
  0000001D            00052 CCP2CON equ 0X001D
  0000001E            00053 ADRESLH equ 0X001E
  0000001E            00054 ADRESH equ 0X001E
  0000001F            00055 ADCON0 equ 0X001F
  00000081            00056 OPTION_REG equ 0X0081
  00000085            00057 TRISA equ 0X0085
  00000086            00058 TRISB equ 0X0086
  00000087            00059 TRISC equ 0X0087
  00000088            00060 TRISD equ 0X0088
  00000089            00061 TRISE equ 0X0089
  0000008C            00062 PIE1 equ 0X008C
  0000008D            00063 PIE2 equ 0X008D
  0000008E            00064 PCON equ 0X008E
  00000091            00065 SSPCON2 equ 0X0091
  00000092            00066 PR2 equ 0X0092
  00000093            00067 SSPADD equ 0X0093
  00000094            00068 SSPSTAT equ 0X0094
  00000098            00069 TXSTA equ 0X0098
  00000099            00070 SPBRG equ 0X0099
  0000009C            00071 CMCON equ 0X009C
  0000009D            00072 CVRCON equ 0X009D
  0000009E            00073 ADRESL equ 0X009E
  0000009F            00074 ADCON1 equ 0X009F
  0000010C            00075 EEDATL equ 0X010C
  0000010C            00076 EEDATA equ 0X010C
  0000010C            00077 EEDAT equ 0X010C
  0000010D            00078 EEADR equ 0X010D
  0000010E            00079 EEDATLH equ 0X010E
  0000010E            00080 EEDATH equ 0X010E
  0000010F            00081 EEADRH equ 0X010F
  0000018C            00082 EECON1 equ 0X018C
  0000018D            00083 EECON2 equ 0X018D
  00000087            00084 _I2C_SCL_PORT=TRISC
  00000003            00085 _I2C_SCL_PIN=3
  00000087            00086 _I2C_SDA_PORT=TRISC
  00000004            00087 _I2C_SDA_PIN=4
  00000007            00088 IRP=7
  00000006            00089 RP1=6
  00000006            00090 PP_RP1=6
  00000005            00091 RP0=5
  00000005            00092 PP_RP0=5
  00000004            00093 NOT_TO=4
  00000003            00094 NOT_PD=3
  00000002            00095 Z=2
  00000001            00096 DC=1
  00000000            00097 C=0
  00000007            00098 GIE=7
  00000006            00099 PEIE=6
  00000005            00100 T0IE=5
  00000005            00101 TMR0IE=5
  00000004            00102 INTE=4
  00000003            00103 RBIE=3
  00000002            00104 T0IF=2
  00000002            00105 TMR0IF=2
  00000001            00106 INTF=1
  00000000            00107 RBIF=0
  00000007            00108 PSPIF=7
  00000006            00109 ADIF=6
  00000005            00110 RCIF=5
  00000005            00111 PP_RCIF=5
  00000004            00112 TXIF=4
  00000004            00113 PP_TXIF=4
  00000003            00114 SSPIF=3
  00000002            00115 CCP1IF=2
  00000001            00116 TMR2IF=1
  00000000            00117 TMR1IF=0
  00000006            00118 CMIF=6
  00000004            00119 EEIF=4
  00000003            00120 BCLIF=3
  00000000            00121 CCP2IF=0
  00000005            00122 T1CKPS1=5
  00000004            00123 T1CKPS0=4
  00000003            00124 T1OSCEN=3
  00000002            00125 NOT_T1SYNC=2
  00000002            00126 T1INSYNC=2
  00000002            00127 T1SYNC=2
  00000001            00128 TMR1CS=1
  00000000            00129 TMR1ON=0
  00000006            00130 TOUTPS3=6
  00000005            00131 TOUTPS2=5
  00000004            00132 TOUTPS1=4
  00000003            00133 TOUTPS0=3
  00000002            00134 TMR2ON=2
  00000002            00135 PP_TMR2ON=2
  00000001            00136 T2CKPS1=1
  00000001            00137 PP_T2CKPS1=1
  00000000            00138 T2CKPS0=0
  00000000            00139 PP_T2CKPS0=0
  00000007            00140 WCOL=7
  00000006            00141 SSPOV=6
  00000005            00142 SSPEN=5
  00000004            00143 CKP=4
  00000003            00144 SSPM3=3
  00000002            00145 SSPM2=2
  00000001            00146 SSPM1=1
  00000000            00147 SSPM0=0
  00000005            00148 CCP1X=5
  00000004            00149 CCP1Y=4
  00000003            00150 CCP1M3=3
  00000002            00151 CCP1M2=2
  00000001            00152 CCP1M1=1
  00000000            00153 CCP1M0=0
  00000007            00154 SPEN=7
  00000006            00155 RX9=6
  00000006            00156 RC9=6
  00000006            00157 NOT_RC8=6
  00000006            00158 RC8_9=6
  00000005            00159 SREN=5
  00000004            00160 CREN=4
  00000004            00161 PP_CREN=4
  00000003            00162 ADDEN=3
  00000002            00163 FERR=2
  00000001            00164 OERR=1
  00000001            00165 PP_OERR=1
  00000000            00166 RX9D=0
  00000000            00167 RCD8=0
  00000005            00168 CCP2X=5
  00000004            00169 CCP2Y=4
  00000003            00170 CCP2M3=3
  00000002            00171 CCP2M2=2
  00000001            00172 CCP2M1=1
  00000000            00173 CCP2M0=0
  00000007            00174 ADCS1=7
  00000006            00175 ADCS0=6
  00000005            00176 CHS2=5
  00000004            00177 CHS1=4
  00000003            00178 CHS0=3
  00000002            00179 GO=2
  00000002            00180 NOT_DONE=2
  00000002            00181 GO_DONE=2
  00000002            00182 PP_GO_DONE=2
  00000000            00183 ADON=0
  00000007            00184 NOT_RBPU=7
  00000006            00185 INTEDG=6
  00000005            00186 T0CS=5
  00000004            00187 T0SE=4
  00000003            00188 PSA=3
  00000002            00189 PS2=2
  00000001            00190 PS1=1
  00000000            00191 PS0=0
  00000007            00192 IBF=7
  00000006            00193 OBF=6
  00000005            00194 IBOV=5
  00000004            00195 PSPMODE=4
  00000002            00196 TRISE2=2
  00000001            00197 TRISE1=1
  00000000            00198 TRISE0=0
  00000007            00199 PSPIE=7
  00000006            00200 ADIE=6
  00000005            00201 RCIE=5
  00000004            00202 TXIE=4
  00000003            00203 SSPIE=3
  00000002            00204 CCP1IE=2
  00000001            00205 TMR2IE=1
  00000000            00206 TMR1IE=0
  00000006            00207 CMIE=6
  00000004            00208 EEIE=4
  00000003            00209 BCLIE=3
  00000000            00210 CCP2IE=0
  00000001            00211 NOT_POR=1
  00000000            00212 NOT_BO=0
  00000000            00213 NOT_BOR=0
  00000007            00214 GCEN=7
  00000006            00215 ACKSTAT=6
  00000006            00216 PP_ACKSTAT=6
  00000005            00217 ACKDT=5
  00000005            00218 PP_ACKDT=5
  00000004            00219 ACKEN=4
  00000004            00220 PP_ACKEN=4
  00000003            00221 RCEN=3
  00000003            00222 PP_RCEN=3
  00000002            00223 PEN=2
  00000002            00224 PP_PEN=2
  00000001            00225 RSEN=1
  00000001            00226 PP_RSEN=1
  00000000            00227 SEN=0
  00000000            00228 PP_SEN=0
  00000007            00229 SMP=7
  00000006            00230 CKE=6
  00000005            00231 I2C_DATA=5
  00000005            00232 NOT_A=5
  00000005            00233 NOT_ADDRESS=5
  00000005            00234 D_A=5
  00000005            00235 DATA_ADDRESS=5
  00000004            00236 I2C_STOP=4
  00000003            00237 I2C_START=3
  00000002            00238 I2C_READ=2
  00000002            00239 NOT_W=2
  00000002            00240 NOT_WRITE=2
  00000002            00241 R_W=2
  00000002            00242 PP_R_W=2
  00000002            00243 READ_WRITE=2
  00000001            00244 UA=1
  00000000            00245 BF=0
  00000000            00246 PP_BF=0
  00000007            00247 CSRC=7
  00000006            00248 TX9=6
  00000006            00249 NOT_TX8=6
  00000006            00250 TX8_9=6
  00000005            00251 TXEN=5
  00000004            00252 SYNC=4
  00000002            00253 BRGH=2
  00000001            00254 TRMT=1
  00000000            00255 TX9D=0
  00000000            00256 TXD8=0
  00000007            00257 C2OUT=7
  00000006            00258 C1OUT=6
  00000005            00259 C2INV=5
  00000004            00260 C1INV=4
  00000003            00261 CIS=3
  00000002            00262 CM2=2
  00000001            00263 CM1=1
  00000000            00264 CM0=0
  00000007            00265 CVREN=7
  00000006            00266 CVROE=6
  00000005            00267 CVRR=5
  00000003            00268 CVR3=3
  00000002            00269 CVR2=2
  00000001            00270 CVR1=1
  00000000            00271 CVR0=0
  00000007            00272 ADFM=7
  00000006            00273 ADCS2=6
  00000003            00274 PCFG3=3
  00000002            00275 PCFG2=2
  00000001            00276 PCFG1=1
  00000000            00277 PCFG0=0
  00000007            00278 EEPGD=7
  00000007            00279 PP_EEPGD=7
  00000003            00280 WRERR=3
  00000003            00281 PP_WRERR=3
  00000002            00282 WREN=2
  00000002            00283 PP_WREN=2
  00000001            00284 WR=1
  00000001            00285 PP_WR=1
  00000000            00286 RD=0
  00000000            00287 PP_RD=0
  000001FF            00288   __MAXRAM 0X1FF
                      00289   __BADRAM 0X8F-0X90, 0X95-0X97, 0X9A-0X9B
                      00290   __BADRAM 0X105, 0X107-0X109
                      00291   __BADRAM 0X185, 0X187-0X189, 0X18E-0X18F
  00001FFF            00292 CP_ALL equ 0X1FFF
  00003FFF            00293 CP_OFF equ 0X3FFF
  00003FFF            00294 DEBUG_OFF equ 0X3FFF
  000037FF            00295 DEBUG_ON equ 0X37FF
  00003BFF            00296 WRT_1FOURTH equ 0X3BFF
  00003FFF            00297 CPD_OFF equ 0X3FFF
  00003EFF            00298 CPD_ON equ 0X3EFF
  00003FFF            00299 LVP_ON equ 0X3FFF
  00003F7F            00300 LVP_OFF equ 0X3F7F
  00003FFF            00301 BODEN_ON equ 0X3FFF
  00003FBF            00302 BODEN_OFF equ 0X3FBF
  00003FFF            00303 PWRTE_OFF equ 0X3FFF
  00003FF7            00304 PWRTE_ON equ 0X3FF7
  00003FFF            00305 WDT_ON equ 0X3FFF
  00003FFB            00306 WDT_OFF equ 0X3FFB
  00003FFF            00307 RC_OSC equ 0X3FFF
  00003FFE            00308 HS_OSC equ 0X3FFE
  00003FFD            00309 XT_OSC equ 0X3FFD
  00003FFC            00310 LP_OSC equ 0X3FFC
  00003FBF            00311 BOREN_OFF equ 0X3FBF
  00003FFF            00312 BOREN_ON equ 0X3FFF
  00001FFF            00313 CP_ON equ 0X1FFF
  00003FFF            00314 FOSC_EXTRC equ 0X3FFF
  00003FFE            00315 FOSC_HS equ 0X3FFE
  00003FFC            00316 FOSC_LP equ 0X3FFC
  00003FFD            00317 FOSC_XT equ 0X3FFD
  00003FFB            00318 WDTE_OFF equ 0X3FFB
  00003FFF            00319 WDTE_ON equ 0X3FFF
  00003BFF            00320 WRT_1FOURTH equ 0X3BFF
  00003DFF            00321 WRT_256 equ 0X3DFF
  000039FF            00322 WRT_HALF equ 0X39FF
  00003FFF            00323 WRT_OFF equ 0X3FFF

                      00327 #define __16F877A 1
                      00328 #define XTAL 20
                      00329 #define _CORE 14
                      00330 #define _MAXRAM 368
                      00331 #define _RAM_END 0X0170
                      00332 #define _MAXMEM 8192
                      00333 #define _ADC 8
                      00334 #define _ADC_RES 10
                      00335 #define _EEPROM 256
                      00336 #define _PAGES 4
                      00337 #define _BANKS 3
                      00338 #define RAM_BANKS 4
                      00339 #define _USART 1
                      00340 #define _USB 0
                      00341 #define _FLASH 1
                      00342 #define _CWRITE_BLOCK 8
                      00343 #define BANK0_START 0X20
                      00344 #define BANK0_END 0X7F
                      00345 #define BANK1_START 0X00A0
                      00346 #define BANK1_END 0X00EF
                      00347 #define BANK2_START 0X0110
                      00348 #define BANK2_END 0X016F
                      00349 #define BANK3_START 0X0190
                      00350 #define BANK3_END 0X01EF
                      00351 #define _SYSTEM_VARIABLE_COUNT 0
  00000000            00352 ram_bank = 0
  00000000            00353 CURRENT@PAGE = 0
  00000000            00354 DEST@PAGE = 0
                      00355 #define LCD#TYPE 0
                      00357 f@call macro pDest
                      00358 if(pDest < 1)
                      00359 if((pDest & 2048) == 0)
                      00360     bcf PCLATH,3
                      00361 else
                      00362     bsf PCLATH,3
                      00363 endif
                      00364 if((pDest & 4096) == 0)
                      00365     bcf PCLATH,4
                      00366 else
                      00367     bsf PCLATH,4
                      00368 endif
                      00369 else
                      00370 if(pDest > $)
                      00371 if((pDest & 2048) == 0)
                      00372     bcf PCLATH,3
                      00373 else
                      00374     bsf PCLATH,3
                      00375 endif
                      00376 if((pDest & 4096) == 0)
                      00377     bcf PCLATH,4
                      00378 else
                      00379     bsf PCLATH,4
                      00380 endif
                      00381 else
                      00382 if((pDest & 6144) == 0)
                      00383     clrf PCLATH
                      00384 else
                      00385 if((pDest & 2048) == 0)
                      00386     bcf PCLATH,3
                      00387 else
                      00388     bsf PCLATH,3
                      00389 endif
                      00390 if((pDest & 4096) == 0)
                      00391     bcf PCLATH,4
                      00392 else
                      00393     bsf PCLATH,4
                      00394 endif
                      00395 endif
                      00396 endif
                      00397 endif
                      00398     call pDest
                      00399     endm
                      00400 f@jump macro pDest
                      00401 if(pDest < 1)
                      00402 if((pDest & 2048) == 0)
                      00403     bcf PCLATH,3
                      00404 else
                      00405     bsf PCLATH,3
                      00406 endif
                      00407 if((pDest & 4096) == 0)
                      00408     bcf PCLATH,4
                      00409 else
                      00410     bsf PCLATH,4
                      00411 endif
                      00412 else
                      00413 if(pDest > $)
                      00414 if((pDest & 2048) == 0)
                      00415     bcf PCLATH,3
                      00416 else
                      00417     bsf PCLATH,3
                      00418 endif
                      00419 if((pDest & 4096) == 0)
                      00420     bcf PCLATH,4
                      00421 else
                      00422     bsf PCLATH,4
                      00423 endif
                      00424 else
                      00425 if((pDest & 6144) == 0)
                      00426     clrf PCLATH
                      00427 else
                      00428 if((pDest & 2048) == 0)
                      00429     bcf PCLATH,3
                      00430 else
                      00431     bsf PCLATH,3
                      00432 endif
                      00433 if((pDest & 4096) == 0)
                      00434     bcf PCLATH,4
                      00435 else
                      00436     bsf PCLATH,4
                      00437 endif
                      00438 endif
                      00439 endif
                      00440 endif
                      00441     goto pDest
                      00442     endm
                      00443 set@page macro pDest
                      00444 if((pDest & 2048) == 0)
                      00445     bcf PCLATH,3
                      00446 else
                      00447     bsf PCLATH,3
                      00448 endif
                      00449 if((pDest & 4096) == 0)
                      00450     bcf PCLATH,4
                      00451 else
                      00452     bsf PCLATH,4
                      00453 endif
                      00454     endm
                      00455 s@b     macro pVarin
                      00456 if((pVarin & 384) == 0)
                      00457 if(ram_bank == 1)
                      00458     bcf STATUS,PP_RP0
                      00459 endif
                      00460 if(ram_bank == 2)
                      00461     bcf STATUS,PP_RP1
                      00462 endif
                      00463 if(ram_bank == 3)
                      00464     bcf STATUS,PP_RP0
                      00465     bcf STATUS,PP_RP1
                      00466 endif
                      00467 ram_bank = 0
                      00468 endif
                      00469 if((pVarin & 384) == 128)
                      00470 if(ram_bank == 0)
                      00471     bsf STATUS,PP_RP0
                      00472 endif
                      00473 if(ram_bank == 2)
                      00474     bsf STATUS,PP_RP0
                      00475     bcf STATUS,PP_RP1
                      00476 endif
                      00477 if(ram_bank == 3)
                      00478     bcf STATUS,PP_RP1
                      00479 endif
                      00480 ram_bank = 1
                      00481 endif
                      00482 if((pVarin & 384) == 256)
                      00483 if(ram_bank == 0)
                      00484     bsf STATUS,PP_RP1
                      00485 endif
                      00486 if(ram_bank == 1)
                      00487     bcf STATUS,PP_RP0
                      00488     bsf STATUS,PP_RP1
                      00489 endif
                      00490 if(ram_bank == 3)
                      00491     bcf STATUS,PP_RP0
                      00492 endif
                      00493 ram_bank = 2
                      00494 endif
                      00495 if((pVarin & 384) == 384)
                      00496 if(ram_bank == 0)
                      00497     bsf STATUS,PP_RP0
                      00498     bsf STATUS,PP_RP1
                      00499 endif
                      00500 if(ram_bank == 1)
                      00501     bsf STATUS,PP_RP1
                      00502 endif
                      00503 if(ram_bank == 2)
                      00504     bsf STATUS,PP_RP0
                      00505 endif
                      00506 ram_bank = 3
                      00507 endif
                      00508     endm
                      00509 r@b     macro
                      00510 if((ram_bank & 1) != 0)
                      00511     bcf STATUS,PP_RP0
                      00512 endif
                      00513 if((ram_bank & 2) != 0)
                      00514     bcf STATUS,PP_RP1
                      00515 endif
                      00516 ram_bank = 0
                      00517     endm
                      00518 jump macro pLabel
                      00519     goto pLabel
                      00520     endm
                      00521 wreg_byte macro pByteOut
                      00522     s@b pByteOut
                      00523     movwf pByteOut
                      00524     r@b
                      00525     endm
                      00526 wreg_bit macro pVarOut,pBitout
                      00527     s@b pVarOut
                      00528     andlw 1
                      00529     btfsc STATUS,2
                      00530     bcf pVarOut,pBitout
                      00531     btfss STATUS,2
                      00532     bsf pVarOut,pBitout
                      00533     r@b
                      00534     endm
                      00535 wreg_word macro pWordOut
                      00536     s@b pWordOut
                      00537     movwf pWordOut
                      00538     s@b pWordOut+1
                      00539     clrf pWordOut+1
                      00540     r@b
                      00541     endm
                      00542 wreg_dword macro pDwordOut
                      00543     s@b pDwordOut+3
                      00544     clrf pDwordOut+3
                      00545     s@b pDwordOut+2
                      00546     clrf pDwordOut+2
                      00547     s@b pDwordOut+1
                      00548     clrf pDwordOut+1
                      00549     s@b pDwordOut
                      00550     movwf pDwordOut
                      00551     r@b
                      00552     endm
                      00553 byte_wreg macro pByteIn
                      00554     s@b pByteIn
                      00555     movf pByteIn,W
                      00556     r@b
                      00557     endm
                      00558 num_SFR macro pNumIn,pSFROut
                      00560     s@b pSFROut
                      00561     movlw pNumIn
                      00562     movwf pSFROut
                      00563     endm
                      00564 NUM16_SFR macro pNumIn,pSFROut
                      00566     s@b pSFROut
                      00567     movlw (pNumIn & 255)
                      00568     movwf pSFROut
                      00569     s@b pSFROut + 1
                      00570     movlw ((pNumIn >> 8) & 255)
                      00571     movwf pSFROut + 1
                      00572     r@b
                      00573     endm
                      00574 num_wreg macro pNumIn
                      00575     movlw (pNumIn & 255)
                      00576     endm
                      00577 num_byte macro pNumIn,pByteOut
                      00578     s@b pByteOut
                      00579 if(pNumIn == 0)
                      00580     clrf pByteOut
                      00581 else
                      00582     movlw (pNumIn & 255)
                      00583     movwf pByteOut
                      00584 endif
                      00585     r@b
                      00586     endm
                      00587 num_bit macro pNumIn,pVarOut,pBitout
                      00588     s@b pVarOut
                      00589 if((pNumIn & 1) == 1)
                      00590     bsf pVarOut,pBitout
                      00591 else
                      00592     bcf pVarOut,pBitout
                      00593 endif
                      00594     r@b
                      00595     endm
                      00596 num_word macro pNumIn,pWordOut
                      00597 if((pNumIn & 255) == 0)
                      00598     s@b pWordOut
                      00599     clrf pWordOut
                      00600 else
                      00601     s@b pWordOut
                      00602     movlw low (pNumIn)
                      00603     movwf pWordOut
                      00604 endif
                      00605 if(((pNumIn >> 8) & 255) == 0)
                      00606     s@b pWordOut+1
                      00607     clrf pWordOut+1
                      00608 else
                      00609     s@b pWordOut+1
                      00610     movlw high (pNumIn)
                      00611     movwf pWordOut+1
                      00612 endif
                      00613     r@b
                      00614     endm
                      00615 num_dword macro pNumIn,pDwordOut
                      00616 if ((pNumIn >> 24 & 255) == 0)
                      00617     s@b pDwordOut+3
                      00618     clrf pDwordOut+3
                      00619 else
                      00620     s@b pDwordOut+3
                      00621     movlw ((pNumIn >> 24) & 255)
                      00622     movwf pDwordOut+3
                      00623 endif
                      00624 if( ((pNumIn >> 16) & 255) == 0)
                      00625     s@b pDwordOut+2
                      00626     clrf pDwordOut+2
                      00627 else
                      00628     s@b pDwordOut+2
                      00629     movlw ((pNumIn >> 16) & 255)
                      00630     movwf pDwordOut+2
                      00631 endif
                      00632 if( ((pNumIn >> 8) & 255) == 0)
                      00633     s@b pDwordOut+1
                      00634     clrf pDwordOut+1
                      00635 else
                      00636     s@b pDwordOut+1
                      00637     movlw high (pNumIn)
                      00638     movwf pDwordOut+1
                      00639 endif
                      00640 if((pNumIn & 255) == 0)
                      00641     s@b pDwordOut
                      00642     clrf pDwordOut
                      00643 else
                      00644     s@b pDwordOut
                      00645     movlw low (pNumIn)
                      00646     movwf pDwordOut
                      00647 endif
                      00648     r@b
                      00649     endm
                      00650 bit_wreg macro pVarin,pBitIn
                      00651     s@b pVarin
                      00652     clrw
                      00653     btfsc pVarin,pBitIn
                      00654     movlw 1
                      00655     r@b
                      00656     endm
                      00657 bit_byte macro pVarin,pBitIn,pByteOut
                      00658     s@b pVarin
                      00659     clrw
                      00660     btfsc pVarin,pBitIn
                      00661     movlw 1
                      00662     s@b pByteOut
                      00663     movwf pByteOut
                      00664     r@b
                      00665     endm
                      00666 bit_bit macro pVarin,pBitIn,pVarOut,pBitout
                      00667 if((pVarin & 65408) == (pVarOut & 65408))
                      00668     s@b pVarOut
                      00669     btfsc pVarin,pBitIn
                      00670     bsf pVarOut,pBitout
                      00671     btfss pVarin,pBitIn
                      00672     bcf pVarOut,pBitout
                      00673 else
                      00674     s@b pVarin
                      00675     clrdc
                      00676     btfsc pVarin,pBitIn
                      00677     setdc
                      00678     s@b pVarOut
                      00679     skpndc
                      00680     bsf pVarOut,pBitout
                      00681     skpdc
                      00682     bcf pVarOut,pBitout
                      00683 endif
                      00684     endm
                      00685 bit_word macro pVarin,pBitIn,pWordOut
                      00686     s@b pWordOut+1
                      00687     clrf pWordOut+1
                      00688     bit_byte pVarin,pBitIn,pWordOut
                      00689     endm
                      00690 bit_dword macro pVarin,pBitIn,pDwordOut
                      00691     s@b pDwordOut+3
                      00692     clrf pDwordOut+3
                      00693     s@b pDwordOut+2
                      00694     clrf pDwordOut+2
                      00695     s@b pDwordOut+1
                      00696     clrf pDwordOut+1
                      00697     bit_byte pVarin,pBitIn,pDwordOut
                      00698     endm
                      00699 word_wreg macro pWordIn
                      00700     byte_wreg pWordIn
                      00701     endm
                      00702 word_byte macro pWordIn,pByteOut
                      00703     byte_byte pWordIn,pByteOut
                      00704     endm
                      00705 word_bit macro pWordIn,pVarOut,pBitout
                      00706     byte_bit pWordIn, pVarOut, pBitout
                      00707     endm
                      00708 word_word macro pWordIn,pWordOut
                      00709     s@b pWordIn+1
                      00710     movf pWordIn+1,W
                      00711     s@b pWordOut+1
                      00712     movwf pWordOut+1
                      00713     byte_byte pWordIn,pWordOut
                      00714     endm
                      00715 word_dword macro pWordIn,pDwordOut
                      00716     s@b pDwordOut+3
                      00717     clrf pDwordOut+3
                      00718     s@b pDwordOut+2
                      00719     clrf pDwordOut+2
                      00720     byte_byte pWordIn+1,pDwordOut+1
                      00721     byte_byte pWordIn,pDwordOut
                      00722     endm
                      00723 byte_byte macro pByteIn,pByteOut
                      00724     s@b pByteIn
                      00725     movf pByteIn,W
                      00726     s@b pByteOut
                      00727     movwf pByteOut
                      00728     r@b
                      00729     endm
                      00730 byte_word macro pByteIn,pWordOut
                      00731     s@b pWordOut+1
                      00732     clrf pWordOut+1
                      00733     byte_byte pByteIn,pWordOut
                      00734     endm
                      00735 byte_dword macro pByteIn,pDwordOut
                      00736     s@b pDwordOut+3
                      00737     clrf pDwordOut+3
                      00738     s@b pDwordOut+2
                      00739     clrf pDwordOut+2
                      00740     s@b pDwordOut+1
                      00741     clrf pDwordOut+1
                      00742     byte_byte pByteIn,pDwordOut
                      00743     endm
                      00744     byte_bit macro pByteIn,pVarOut,pBitout
                      00745 if((pByteIn & 65408) == (pVarOut & 65408))
                      00746     s@b pByteIn
                      00747     btfsc pByteIn,0
                      00748     bsf pVarOut,pBitout
                      00749     btfss pByteIn,0
                      00750     bcf pVarOut,pBitout
                      00751 else
                      00752     s@b pByteIn
                      00753     rrf pByteIn,W
                      00754     s@b pVarOut
                      00755     skpnc
                      00756     bsf pVarOut,pBitout
                      00757     skpc
                      00758     bcf pVarOut,pBitout
                      00759 endif
                      00760     r@b
                      00761     endm
                      00762 dword_wreg macro pDwordIn
                      00763     byte_wreg pDwordIn
                      00764     endm
                      00765 dword_byte macro pDwordIn,pByteOut
                      00766     byte_byte pDwordIn,pByteOut
                      00767     endm
                      00768 dword_word macro pDwordIn,pWordOut
                      00769     s@b pDwordIn+1
                      00770     movf pDwordIn+1,W
                      00771     s@b pWordOut+1
                      00772     movwf pWordOut+1
                      00773     byte_byte pDwordIn,pWordOut
                      00774     endm
                      00775 dword_dword macro pDwordIn,pDwordOut
                      00776     byte_byte pDwordIn+3,pDwordOut+3
                      00777     byte_byte pDwordIn+2,pDwordOut+2
                      00778     byte_byte pDwordIn+1,pDwordOut+1
                      00779     byte_byte pDwordIn,pDwordOut
                      00780     endm
                      00781 dword_bit macro pDwordIn,pVarOut,pBitout
                      00782     byte_bit pDwordIn,pVarOut,pBitout
                      00783     endm
  0000                00784 variable CURRENT@PAGE = 0
  0000                00785 variable PDESTINATION@PAGE = 0
                      00786 FIND@PAGE macro pLabelIn
                      00787 local CURRENT_ADDR = $
                      00788 local DEST_ADDR = pLabelIn
                      00789 if((CURRENT_ADDR >= 0X1800) && (CURRENT_ADDR <= 0X2000))
                      00790     CURRENT@PAGE = 3
                      00791 endif
                      00792 if((CURRENT_ADDR >= 0X1000) && (CURRENT_ADDR <= 0X1800))
                      00793     CURRENT@PAGE = 2
                      00794 endif
                      00795 if((CURRENT_ADDR >= 0X0800) && (CURRENT_ADDR <= 0X1000))
                      00796     CURRENT@PAGE = 1
                      00797 endif
                      00798 if((CURRENT_ADDR >= 0) && (CURRENT_ADDR <= 0X0800))
                      00799     CURRENT@PAGE = 0
                      00800 endif
                      00801 if((DEST_ADDR >= 0X1800) && (DEST_ADDR <= 0X2000))
                      00802     PDESTINATION@PAGE = 3
                      00803 endif
                      00804 if((DEST_ADDR >= 0X1000) && (DEST_ADDR <= 0X1800))
                      00805     PDESTINATION@PAGE = 2
                      00806 endif
                      00807 if((DEST_ADDR >= 0X0800) && (DEST_ADDR <= 0X1000))
                      00808     PDESTINATION@PAGE = 1
                      00809 endif
                      00810 if((DEST_ADDR >= 0) && (DEST_ADDR <= 0X0800))
                      00811     PDESTINATION@PAGE = 0
                      00812 endif
                      00813     endm
                      00814 num_FSR macro pNumIn
                      00815     num_byte pNumIn, FSR
                      00816 if (((pNumIn >> 8) & 255) == 1)
                      00817     bsf STATUS,7
                      00818 else
                      00819     bcf STATUS,7
                      00820 endif
                      00821     endm
                      00822 label_word macro pLabelIn,pWordOut
                      00823     movlw (pLabelIn & 255)
                      00824     s@b pWordOut
                      00825     movwf pWordOut
                      00826     movlw ((pLabelIn >> 8) & 255)
                      00827     s@b pWordOut+1
                      00828     movwf pWordOut+1
                      00829     r@b
                      00830     endm
                      00831 wreg_sword macro pWordOut
                      00832     s@b pWordOut
                      00833     movwf pWordOut
                      00834     movlw 0
                      00835     btfsc pWordOut,7
                      00836     movlw 255
                      00837     s@b pWordOut+1
                      00838     movwf pWordOut+1
                      00839     r@b
                      00840     endm
                      00841 wreg_sdword macro pDwordOut
                      00842     s@b pDwordOut
                      00843     movwf pDwordOut
                      00844     movlw 0
                      00845     btfsc pDwordOut,7
                      00846     movlw 255
                      00847     s@b pDwordOut+1
                      00848     movwf pDwordOut+1
                      00849     s@b pDwordOut+2
                      00850     movwf pDwordOut+2
                      00851     s@b pDwordOut+3
                      00852     movwf pDwordOut+3
                      00853     r@b
                      00854     endm
                      00855 byte_sword macro pByteIn,pWordOut
                      00856     s@b pByteIn
                      00857     movf pByteIn,W
                      00858     s@b pWordOut
                      00859     movwf pWordOut
                      00860     movlw 0
                      00861     btfsc pWordOut,7
                      00862     movlw 255
                      00863     s@b pWordOut+1
                      00864     movwf pWordOut+1
                      00865     r@b
                      00866     endm
                      00867 byte_sdword macro pByteIn,pDwordOut
                      00868     s@b pByteIn
                      00869     movf pByteIn,W
                      00870     s@b pDwordOut
                      00871     movwf pDwordOut
                      00872     movlw 0
                      00873     btfsc pDwordOut,7
                      00874     movlw 255
                      00875     s@b pDwordOut+1
                      00876     movwf pDwordOut+1
                      00877     s@b pDwordOut+2
                      00878     movwf pDwordOut+2
                      00879     s@b pDwordOut+3
                      00880     movwf pDwordOut+3
                      00881     r@b
                      00882     endm
                      00883 word_sdword macro pWordIn,pDwordOut
                      00884     s@b pWordIn
                      00885     movf pWordIn,W
                      00886     s@b pDwordOut
                      00887     movwf pDwordOut
                      00888     s@b pWordIn+1
                      00889     movf pWordIn+1,W
                      00890     s@b pDwordOut+1
                      00891     movwf pDwordOut+1
                      00892     movlw 0
                      00893     btfsc pDwordOut+1,7
                      00894     movlw 255
                      00895     s@b pDwordOut+2
                      00896     movwf pDwordOut+2
                      00897     s@b pDwordOut+3
                      00898     movwf pDwordOut+3
                      00899     r@b
                      00900     endm
  00000020            00903 _B#VR1 = 32
  00000021            00904 SAYI = 33
  00000022            00905 SAYAC1 = 34
  00000023            00906 SAYAC2 = 35
  00000024            00907 BEKLE = 36
  00000025            00908 BEKLEH = 37
                      00909 #define DISPLAY PORTD
                      00910 #define BUTON1 PORTB,0
                      00911 #define BUTON2 PORTB,1
                      00912 #define BUTON3 PORTB,2
                      00913 #define DURUM _B#VR1,0
                      00914 #define __XTAL 20
0000                  00915 proton#code#start
0000                  00916     org 0
0000   0000           00917     nop
0001   3000           00918     movlw (proton#main#start >> 8) & 255
0002   008A           00919     movwf PCLATH
0003   2804           00920     goto proton#main#start
0004                  00921     org 4
0004                  00922 proton#main#start
0004   0183           00923     clrf STATUS

  00000005            00926 F1_SOF equ $ ; DISPLAY_1.BAS
0005   3007           00927     movlw 7
0006   1683           00928     bsf STATUS,5
  00000001            00929 ram_bank = 1
0007   009F           00930     movwf ADCON1
0008   009C           00931     movwf CMCON
  00000009            00932 F1_000013 equ $ ; IN [DISPLAY_1.BAS] OUTPUT PORTD
0009   0188           00933     clrf TRISD
  0000000A            00934 F1_000014 equ $ ; IN [DISPLAY_1.BAS] INPUT PORTB
000A   30FF           00935     movlw 255
000B   0086           00936     movwf TRISB
  0000000C            00937 F1_000026 equ $ ; IN [DISPLAY_1.BAS] SAYI = 0
000C   1283           00938     bcf STATUS,5
  00000000            00939 ram_bank = 0
000D   01A1           00940     clrf SAYI
  0000000E            00941 F1_000027 equ $ ; IN [DISPLAY_1.BAS] SAYAC1 = 1
000E   3001           00942     movlw 1
000F   00A2           00943     movwf SAYAC1
  00000010            00944 F1_000028 equ $ ; IN [DISPLAY_1.BAS] DURUM = 0
0010   1020           00945     bcf _B#VR1,0
  00000011            00946 F1_000029 equ $ ; IN [DISPLAY_1.BAS] BEKLE = 500
0011   00A5           00947     movwf BEKLEH
0012   30F4           00948     movlw 244
0013   00A4           00949     movwf BEKLE
0014                  00950 ANAPROGRAM
  00000014            00951 F1_000033 equ $ ; IN [DISPLAY_1.BAS] if BUTON1 = 1 THEN
                      00952     set@page _LBL__3
0016   1C06           00953     btfss PORTB,0
0017   2827           00954     goto _LBL__3
0018                  00955 BUTONTEST
  00000018            00956 F1_000035 equ $ ; IN [DISPLAY_1.BAS] if BUTON1 = 1 THEN goto BUTONTEST
                      00957     set@page BUTONTEST
001A   1806           00958     btfsc PORTB,0
001B   2818           00959     goto BUTONTEST
  0000001C            00960 F1_000036 equ $ ; IN [DISPLAY_1.BAS] GOSUB GOSTER
                      00961     f@call GOSTER
  0000001F            00962 F1_000037 equ $ ; IN [DISPLAY_1.BAS] SAYI = SAYI +1
001F   0AA1           00963     incf SAYI,F
  00000020            00964 F1_000038 equ $ ; IN [DISPLAY_1.BAS] if SAYI=16 THEN SAYI = 0
0020   3010           00965     movlw 16
0021   0221           00966     subwf SAYI,W
                      00967     set@page _LBL__7
0024   1D03           00968     btfss STATUS,2
0025   2827           00969     goto _LBL__7
0026   01A1           00970     clrf SAYI
0027                  00971 _LBL__7
  00000027            00972 F1_000039 equ $ ; IN [DISPLAY_1.BAS] endif
0027                  00973 _LBL__3
  00000027            00974 F1_000042 equ $ ; IN [DISPLAY_1.BAS] goto ANAPROGRAM
                      00975     f@jump ANAPROGRAM
0029                  00976 GOSTER
  00000029            00977 F1_000044 equ $ ; IN [DISPLAY_1.BAS] SELECT SAYI
  00000029            00978 F1_000045 equ $ ; IN [DISPLAY_1.BAS] CASE 0
0029   08A1           00979     movf SAYI,F
                      00980     set@page _LBL__9
002C   1D03           00981     btfss STATUS,2
002D   2833           00982     goto _LBL__9
  0000002E            00983 F1_000046 equ $ ; IN [DISPLAY_1.BAS] DISPLAY = %00111111
002E   303F           00984     movlw 63
002F   0088           00985     movwf PORTD
                      00986     f@jump _LBL__8
0033                  00987 _LBL__9
  00000033            00988 F1_000047 equ $ ; IN [DISPLAY_1.BAS] CASE 1
0033   3001           00989     movlw 1
0034   0221           00990     subwf SAYI,W
                      00991     set@page _LBL__12
0037   1D03           00992     btfss STATUS,2
0038   283E           00993     goto _LBL__12
  00000039            00994 F1_000048 equ $ ; IN [DISPLAY_1.BAS] DISPLAY = %00000110
0039   3006           00995     movlw 6
003A   0088           00996     movwf PORTD
                      00997     f@jump _LBL__8
003E                  00998 _LBL__12
  0000003E            00999 F1_000049 equ $ ; IN [DISPLAY_1.BAS] CASE 2
003E   3002           01000     movlw 2
003F   0221           01001     subwf SAYI,W
                      01002     set@page _LBL__14
0042   1D03           01003     btfss STATUS,2
0043   2849           01004     goto _LBL__14
  00000044            01005 F1_000050 equ $ ; IN [DISPLAY_1.BAS] DISPLAY = %01011011
0044   305B           01006     movlw 91
0045   0088           01007     movwf PORTD
                      01008     f@jump _LBL__8
0049                  01009 _LBL__14
  00000049            01010 F1_000051 equ $ ; IN [DISPLAY_1.BAS] CASE 3
0049   3003           01011     movlw 3
004A   0221           01012     subwf SAYI,W
                      01013     set@page _LBL__16
004D   1D03           01014     btfss STATUS,2
004E   2854           01015     goto _LBL__16
  0000004F            01016 F1_000052 equ $ ; IN [DISPLAY_1.BAS] DISPLAY = %01001111
004F   304F           01017     movlw 79
0050   0088           01018     movwf PORTD
                      01019     f@jump _LBL__8
0054                  01020 _LBL__16
  00000054            01021 F1_000053 equ $ ; IN [DISPLAY_1.BAS] CASE 4
0054   3004           01022     movlw 4
0055   0221           01023     subwf SAYI,W
                      01024     set@page _LBL__18
0058   1D03           01025     btfss STATUS,2
0059   285F           01026     goto _LBL__18
  0000005A            01027 F1_000054 equ $ ; IN [DISPLAY_1.BAS] DISPLAY = %01100110
005A   3066           01028     movlw 102
005B   0088           01029     movwf PORTD
                      01030     f@jump _LBL__8
005F                  01031 _LBL__18
  0000005F            01032 F1_000055 equ $ ; IN [DISPLAY_1.BAS] CASE 5
005F   3005           01033     movlw 5
0060   0221           01034     subwf SAYI,W
                      01035     set@page _LBL__20
0063   1D03           01036     btfss STATUS,2
0064   286A           01037     goto _LBL__20
  00000065            01038 F1_000056 equ $ ; IN [DISPLAY_1.BAS] DISPLAY = %01101101
0065   306D           01039     movlw 109
0066   0088           01040     movwf PORTD
                      01041     f@jump _LBL__8
006A                  01042 _LBL__20
  0000006A            01043 F1_000057 equ $ ; IN [DISPLAY_1.BAS] CASE 6
006A   3006           01044     movlw 6
006B   0221           01045     subwf SAYI,W
                      01046     set@page _LBL__22
006E   1D03           01047     btfss STATUS,2
006F   2875           01048     goto _LBL__22
  00000070            01049 F1_000058 equ $ ; IN [DISPLAY_1.BAS] DISPLAY = %01111101
0070   307D           01050     movlw 125
0071   0088           01051     movwf PORTD
                      01052     f@jump _LBL__8
0075                  01053 _LBL__22
  00000075            01054 F1_000059 equ $ ; IN [DISPLAY_1.BAS] CASE 7
0075   3007           01055     movlw 7
0076   0221           01056     subwf SAYI,W
                      01057     set@page _LBL__24
0079   1D03           01058     btfss STATUS,2
007A   2880           01059     goto _LBL__24
  0000007B            01060 F1_000060 equ $ ; IN [DISPLAY_1.BAS] DISPLAY = %00000111
007B   3007           01061     movlw 7
007C   0088           01062     movwf PORTD
                      01063     f@jump _LBL__8
0080                  01064 _LBL__24
  00000080            01065 F1_000061 equ $ ; IN [DISPLAY_1.BAS] CASE 8
0080   3008           01066     movlw 8
0081   0221           01067     subwf SAYI,W
                      01068     set@page _LBL__26
0084   1D03           01069     btfss STATUS,2
0085   288B           01070     goto _LBL__26
  00000086            01071 F1_000062 equ $ ; IN [DISPLAY_1.BAS] DISPLAY = %01111111
0086   307F           01072     movlw 127
0087   0088           01073     movwf PORTD
                      01074     f@jump _LBL__8
008B                  01075 _LBL__26
  0000008B            01076 F1_000063 equ $ ; IN [DISPLAY_1.BAS] CASE 9
008B   3009           01077     movlw 9
008C   0221           01078     subwf SAYI,W
                      01079     set@page _LBL__28
008F   1D03           01080     btfss STATUS,2
0090   2896           01081     goto _LBL__28
  00000091            01082 F1_000064 equ $ ; IN [DISPLAY_1.BAS] DISPLAY = %01101111
0091   306F           01083     movlw 111
0092   0088           01084     movwf PORTD
                      01085     f@jump _LBL__8
0096                  01086 _LBL__28
  00000096            01087 F1_000065 equ $ ; IN [DISPLAY_1.BAS] CASE 10
0096   300A           01088     movlw 10
0097   0221           01089     subwf SAYI,W
                      01090     set@page _LBL__30
009A   1D03           01091     btfss STATUS,2
009B   28A1           01092     goto _LBL__30
  0000009C            01093 F1_000066 equ $ ; IN [DISPLAY_1.BAS] DISPLAY = %01110111
009C   3077           01094     movlw 119
009D   0088           01095     movwf PORTD
                      01096     f@jump _LBL__8
00A1                  01097 _LBL__30
  000000A1            01098 F1_000067 equ $ ; IN [DISPLAY_1.BAS] CASE 11
00A1   300B           01099     movlw 11
00A2   0221           01100     subwf SAYI,W
                      01101     set@page _LBL__32
00A5   1D03           01102     btfss STATUS,2
00A6   28AC           01103     goto _LBL__32
  000000A7            01104 F1_000068 equ $ ; IN [DISPLAY_1.BAS] DISPLAY = %01111100
00A7   307C           01105     movlw 124
00A8   0088           01106     movwf PORTD
                      01107     f@jump _LBL__8
00AC                  01108 _LBL__32
  000000AC            01109 F1_000069 equ $ ; IN [DISPLAY_1.BAS] CASE 12
00AC   300C           01110     movlw 12
00AD   0221           01111     subwf SAYI,W
                      01112     set@page _LBL__34
00B0   1D03           01113     btfss STATUS,2
00B1   28B7           01114     goto _LBL__34
  000000B2            01115 F1_000070 equ $ ; IN [DISPLAY_1.BAS] DISPLAY = %00111001
00B2   3039           01116     movlw 57
00B3   0088           01117     movwf PORTD
                      01118     f@jump _LBL__8
00B7                  01119 _LBL__34
  000000B7            01120 F1_000071 equ $ ; IN [DISPLAY_1.BAS] CASE 13
00B7   300D           01121     movlw 13
00B8   0221           01122     subwf SAYI,W
                      01123     set@page _LBL__36
00BB   1D03           01124     btfss STATUS,2
00BC   28C2           01125     goto _LBL__36
  000000BD            01126 F1_000072 equ $ ; IN [DISPLAY_1.BAS] DISPLAY = %01011110
00BD   305E           01127     movlw 94
00BE   0088           01128     movwf PORTD
                      01129     f@jump _LBL__8
00C2                  01130 _LBL__36
  000000C2            01131 F1_000073 equ $ ; IN [DISPLAY_1.BAS] CASE 14
00C2   300E           01132     movlw 14
00C3   0221           01133     subwf SAYI,W
                      01134     set@page _LBL__38
00C6   1D03           01135     btfss STATUS,2
00C7   28CD           01136     goto _LBL__38
  000000C8            01137 F1_000074 equ $ ; IN [DISPLAY_1.BAS] DISPLAY = %01111001
00C8   3079           01138     movlw 121
00C9   0088           01139     movwf PORTD
                      01140     f@jump _LBL__8
00CD                  01141 _LBL__38
  000000CD            01142 F1_000075 equ $ ; IN [DISPLAY_1.BAS] CASE 15
00CD   300F           01143     movlw 15
00CE   0221           01144     subwf SAYI,W
                      01145     set@page _LBL__40
00D1   1D03           01146     btfss STATUS,2
00D2   28D5           01147     goto _LBL__40
  000000D3            01148 F1_000076 equ $ ; IN [DISPLAY_1.BAS] DISPLAY = %01110001
00D3   3071           01149     movlw 113
00D4   0088           01150     movwf PORTD
  000000D5            01151 F1_000078 equ $ ; IN [DISPLAY_1.BAS] ENDSELECT
00D5                  01152 _LBL__40
00D5                  01153 _LBL__8
  000000D5            01154 F1_000079 equ $ ; IN [DISPLAY_1.BAS] return
00D5   0008           01155     return
  000000D6            01156 F1_EOF equ $ ; DISPLAY_1.BAS
00D6                  01157 _PBLB__41
                      01158     f@jump _PBLB__41
00D8                  01160 __EOF
2007   3F32           01188 __config HS_OSC & WDT_OFF & PWRTE_ON & BODEN_OFF & LVP_OFF & CP_OFF & CPD_OFF & DEBUG_OFF
                      01198     end
MPASM 5.74                               A.S   10-27-2021  10:25:04         PAGE  2


SYMBOL TABLE
  LABEL                             VALUE 

ACKDT                             00000005
ACKEN                             00000004
ACKSTAT                           00000006
ADCON0                            0000001F
ADCON1                            0000009F
ADCS0                             00000006
ADCS1                             00000007
ADCS2                             00000006
ADDEN                             00000003
ADFM                              00000007
ADIE                              00000006
ADIF                              00000006
ADON                              00000000
ADRESH                            0000001E
ADRESL                            0000009E
ADRESLH                           0000001E
ANAPROGRAM                        00000014
BANK0_END                         0X7F
BANK0_START                       0X20
BANK1_END                         0X00EF
BANK1_START                       0X00A0
BANK2_END                         0X016F
BANK2_START                       0X0110
BANK3_END                         0X01EF
BANK3_START                       0X0190
BCLIE                             00000003
BCLIF                             00000003
BEKLE                             00000024
BEKLEH                            00000025
BF                                00000000
BIT_BIT                           
BIT_BYTE                          
BIT_DWORD                         
BIT_WORD                          
BIT_WREG                          
BODEN_OFF                         00003FBF
BODEN_ON                          00003FFF
BOREN_OFF                         00003FBF
BOREN_ON                          00003FFF
BRGH                              00000002
BUTON1                            PORTB,0
BUTON2                            PORTB,1
BUTON3                            PORTB,2
BUTONTEST                         00000018
BYTE_BIT                          
BYTE_BYTE                         
BYTE_DWORD                        
BYTE_SDWORD                       
BYTE_SWORD                        
BYTE_WORD                         
BYTE_WREG                         
C                                 00000000
C1INV                             00000004
C1OUT                             00000006
C2INV                             00000005
C2OUT                             00000007
CCP1CON                           00000017
CCP1IE                            00000002
CCP1IF                            00000002
CCP1M0                            00000000
CCP1M1                            00000001
CCP1M2                            00000002
CCP1M3                            00000003
CCP1X                             00000005
CCP1Y                             00000004
CCP2CON                           0000001D
CCP2IE                            00000000
CCP2IF                            00000000
CCP2M0                            00000000
CCP2M1                            00000001
CCP2M2                            00000002
CCP2M3                            00000003
CCP2X                             00000005
CCP2Y                             00000004
CCPR1H                            00000016
CCPR1L                            00000015
CCPR1LH                           00000016
CCPR2H                            0000001C
CCPR2L                            0000001B
CCPR2LH                           0000001C
CHS0                              00000003
CHS1                              00000004
CHS2                              00000005
CIS                               00000003
CKE                               00000006
CKP                               00000004
CM0                               00000000
CM1                               00000001
CM2                               00000002
CMCON                             0000009C
CMIE                              00000006
CMIF                              00000006
CPD_OFF                           00003FFF
CPD_ON                            00003EFF
CP_ALL                            00001FFF
CP_OFF                            00003FFF
CP_ON                             00001FFF
CREN                              00000004
CSRC                              00000007
CURRENT@PAGE                      00000000
CVR0                              00000000
CVR1                              00000001
CVR2                              00000002
CVR3                              00000003
CVRCON                            0000009D
CVREN                             00000007
CVROE                             00000006
CVRR                              00000005
DATA_ADDRESS                      00000005
DC                                00000001
DEBUG_OFF                         00003FFF
DEBUG_ON                          000037FF
DEST@PAGE                         00000000
DISPLAY                           PORTD
DURUM                             _B#VR1,0
DWORD_BIT                         
DWORD_BYTE                        
DWORD_DWORD                       
DWORD_WORD                        
DWORD_WREG                        
D_A                               00000005
EEADR                             0000010D
EEADRH                            0000010F
EECON1                            0000018C
EECON2                            0000018D
EEDAT                             0000010C
EEDATA                            0000010C
EEDATH                            0000010E
EEDATL                            0000010C
EEDATLH                           0000010E
EEIE                              00000004
EEIF                              00000004
EEPGD                             00000007
F1_000013                         00000009
F1_000014                         0000000A
F1_000026                         0000000C
F1_000027                         0000000E
F1_000028                         00000010
F1_000029                         00000011
F1_000033                         00000014
F1_000035                         00000018
F1_000036                         0000001C
F1_000037                         0000001F
F1_000038                         00000020
F1_000039                         00000027
F1_000042                         00000027
F1_000044                         00000029
F1_000045                         00000029
F1_000046                         0000002E
F1_000047                         00000033
F1_000048                         00000039
F1_000049                         0000003E
F1_000050                         00000044
F1_000051                         00000049
F1_000052                         0000004F
F1_000053                         00000054
F1_000054                         0000005A
F1_000055                         0000005F
F1_000056                         00000065
F1_000057                         0000006A
F1_000058                         00000070
F1_000059                         00000075
F1_000060                         0000007B
F1_000061                         00000080
F1_000062                         00000086
F1_000063                         0000008B
F1_000064                         00000091
F1_000065                         00000096
F1_000066                         0000009C
F1_000067                         000000A1
F1_000068                         000000A7
F1_000069                         000000AC
F1_000070                         000000B2
F1_000071                         000000B7
F1_000072                         000000BD
F1_000073                         000000C2
F1_000074                         000000C8
F1_000075                         000000CD
F1_000076                         000000D3
F1_000078                         000000D5
F1_000079                         000000D5
F1_EOF                            000000D6
F1_SOF                            00000005
F@CALL                            
F@JUMP                            
FERR                              00000002
FIND@PAGE                         
FOSC_EXTRC                        00003FFF
FOSC_HS                           00003FFE
FOSC_LP                           00003FFC
FOSC_XT                           00003FFD
FSR                               00000004
GCEN                              00000007
GIE                               00000007
GO                                00000002
GOSTER                            00000029
GO_DONE                           00000002
HS_OSC                            00003FFE
I2C_DATA                          00000005
I2C_READ                          00000002
I2C_START                         00000003
I2C_STOP                          00000004
IBF                               00000007
IBOV                              00000005
INDF                              00000000
INTCON                            0000000B
INTE                              00000004
INTEDG                            00000006
INTF                              00000001
IRP                               00000007
JUMP                              
LABEL_WORD                        
LCD#TYPE                          0
LP_OSC                            00003FFC
LVP_OFF                           00003F7F
LVP_ON                            00003FFF
NOT_A                             00000005
NOT_ADDRESS                       00000005
NOT_BO                            00000000
NOT_BOR                           00000000
NOT_DONE                          00000002
NOT_PD                            00000003
NOT_POR                           00000001
NOT_RBPU                          00000007
NOT_RC8                           00000006
NOT_T1SYNC                        00000002
NOT_TO                            00000004
NOT_TX8                           00000006
NOT_W                             00000002
NOT_WRITE                         00000002
NUM16_SFR                         
NUM_BIT                           
NUM_BYTE                          
NUM_DWORD                         
NUM_FSR                           
NUM_SFR                           
NUM_WORD                          
NUM_WREG                          
OBF                               00000006
OERR                              00000001
OPTION_REG                        00000081
PCFG0                             00000000
PCFG1                             00000001
PCFG2                             00000002
PCFG3                             00000003
PCL                               00000002
PCLATH                            0000000A
PCON                              0000008E
PDESTINATION@PAGE                 00000000
PEIE                              00000006
PEN                               00000002
PIE1                              0000008C
PIE2                              0000008D
PIR1                              0000000C
PIR2                              0000000D
PORTA                             00000005
PORTB                             00000006
PORTC                             00000007
PORTD                             00000008
PORTE                             00000009
PP_ACKDT                          00000005
PP_ACKEN                          00000004
PP_ACKSTAT                        00000006
PP_BF                             00000000
PP_CREN                           00000004
PP_EEPGD                          00000007
PP_GO_DONE                        00000002
PP_OERR                           00000001
PP_PEN                            00000002
PP_RCEN                           00000003
PP_RCIF                           00000005
PP_RD                             00000000
PP_RP0                            00000005
PP_RP1                            00000006
PP_RSEN                           00000001
PP_R_W                            00000002
PP_SEN                            00000000
PP_T2CKPS0                        00000000
PP_T2CKPS1                        00000001
PP_TMR2ON                         00000002
PP_TXIF                           00000004
PP_WR                             00000001
PP_WREN                           00000002
PP_WRERR                          00000003
PR2                               00000092
PROTON#CODE#START                 00000000
PROTON#MAIN#START                 00000004
PS0                               00000000
PS1                               00000001
PS2                               00000002
PSA                               00000003
PSPIE                             00000007
PSPIF                             00000007
PSPMODE                           00000004
PWRTE_OFF                         00003FFF
PWRTE_ON                          00003FF7
R@B                               
RAM_BANK                          00000000
RAM_BANKS                         4
RBIE                              00000003
RBIF                              00000000
RC8_9                             00000006
RC9                               00000006
RCD8                              00000000
RCEN                              00000003
RCIE                              00000005
RCIF                              00000005
RCREG                             0000001A
RCSTA                             00000018
RC_OSC                            00003FFF
RD                                00000000
READ_WRITE                        00000002
RP0                               00000005
RP1                               00000006
RSEN                              00000001
RX9                               00000006
RX9D                              00000000
R_W                               00000002
S@B                               
SAYAC1                            00000022
SAYAC2                            00000023
SAYI                              00000021
SEN                               00000000
SET@PAGE                          
SMP                               00000007
SPBRG                             00000099
SPEN                              00000007
SREN                              00000005
SSPADD                            00000093
SSPBUF                            00000013
SSPCON                            00000014
SSPCON2                           00000091
SSPEN                             00000005
SSPIE                             00000003
SSPIF                             00000003
SSPM0                             00000000
SSPM1                             00000001
SSPM2                             00000002
SSPM3                             00000003
SSPOV                             00000006
SSPSTAT                           00000094
STATUS                            00000003
SYNC                              00000004
T0CS                              00000005
T0IE                              00000005
T0IF                              00000002
T0SE                              00000004
T1CKPS0                           00000004
T1CKPS1                           00000005
T1CON                             00000010
T1INSYNC                          00000002
T1OSCEN                           00000003
T1SYNC                            00000002
T2CKPS0                           00000000
T2CKPS1                           00000001
T2CON                             00000012
TMR0                              00000001
TMR0IE                            00000005
TMR0IF                            00000002
TMR1CS                            00000001
TMR1H                             0000000F
TMR1IE                            00000000
TMR1IF                            00000000
TMR1L                             0000000E
TMR1LH                            0000000F
TMR1ON                            00000000
TMR2                              00000011
TMR2IE                            00000001
TMR2IF                            00000001
TMR2ON                            00000002
TOUTPS0                           00000003
TOUTPS1                           00000004
TOUTPS2                           00000005
TOUTPS3                           00000006
TRISA                             00000085
TRISB                             00000086
TRISC                             00000087
TRISD                             00000088
TRISE                             00000089
TRISE0                            00000000
TRISE1                            00000001
TRISE2                            00000002
TRMT                              00000001
TX8_9                             00000006
TX9                               00000006
TX9D                              00000000
TXD8                              00000000
TXEN                              00000005
TXIE                              00000004
TXIF                              00000004
TXREG                             00000019
TXSTA                             00000098
UA                                00000001
WCOL                              00000007
WDTE_OFF                          00003FFB
WDTE_ON                           00003FFF
WDT_OFF                           00003FFB
WDT_ON                            00003FFF
WORD_BIT                          
WORD_BYTE                         
WORD_DWORD                        
WORD_SDWORD                       
WORD_WORD                         
WORD_WREG                         
WR                                00000001
WREG_BIT                          
WREG_BYTE                         
WREG_DWORD                        
WREG_SDWORD                       
WREG_SWORD                        
WREG_WORD                         
WREN                              00000002
WRERR                             00000003
WRT_1FOURTH                       00003BFF
WRT_256                           00003DFF
WRT_HALF                          000039FF
WRT_OFF                           00003FFF
XTAL                              20
XT_OSC                            00003FFD
Z                                 00000002
_ADC                              8
_ADC_RES                          10
_B#VR1                            00000020
_BANKS                            3
_CORE                             14
_CWRITE_BLOCK                     8
_EEPROM                           256
_FLASH                            1
_I2C_SCL_PIN                      00000003
_I2C_SCL_PORT                     00000087
_I2C_SDA_PIN                      00000004
_I2C_SDA_PORT                     00000087
_LBL__12                          0000003E
_LBL__14                          00000049
_LBL__16                          00000054
_LBL__18                          0000005F
_LBL__20                          0000006A
_LBL__22                          00000075
_LBL__24                          00000080
_LBL__26                          0000008B
_LBL__28                          00000096
_LBL__3                           00000027
_LBL__30                          000000A1
_LBL__32                          000000AC
_LBL__34                          000000B7
_LBL__36                          000000C2
_LBL__38                          000000CD
_LBL__40                          000000D5
_LBL__7                           00000027
_LBL__8                           000000D5
_LBL__9                           00000033
_MAXMEM                           8192
_MAXRAM                           368
_PAGES                            4
_PBLB__41                         000000D6
_RAM_END                          0X0170
_SYSTEM_VARIABLE_COUNT            0
_USART                            1
_USB                              0
__16F877A                         1
__EOF                             000000D8
__XTAL                            20


MEMORY USAGE MAP ('X' = USED,  '-' = UNUSED)

0000 : XXXXXXXXXXXXXXXX XXXXXXXXXXXXXXXX XXXXXXXXXXXXXXXX XXXXXXXXXXXXXXXX
0040 : XXXXXXXXXXXXXXXX XXXXXXXXXXXXXXXX XXXXXXXXXXXXXXXX XXXXXXXXXXXXXXXX
0080 : XXXXXXXXXXXXXXXX XXXXXXXXXXXXXXXX XXXXXXXXXXXXXXXX XXXXXXXXXXXXXXXX
00C0 : XXXXXXXXXXXXXXXX XXXXXXXX-------- ---------------- ----------------
2000 : -------X-------- ---------------- ---------------- ----------------

ALL OTHER MEMORY BLOCKS UNUSED.

PROGRAM MEMORY WORDS USED:   216
PROGRAM MEMORY WORDS FREE:  7976


ERRORS   :     0
WARNINGS :     0 REPORTED,   245 SUPPRESSED
MESSAGES :     1 REPORTED,     5 SUPPRESSED


